WeirdTwr.java:14:12: compiler.err.feature.not.supported.in.source: (compiler.misc.feature.try.with.resources), 6, 7
1 error
